[cstd01-016:7250 :0:7250]  ucp_worker.c:164  UCX Fatal: failed to set active message handler id 1: Input/output error
==== backtrace ====
    0  /lib64/libucs.so.0(ucs_fatal_error+0xf7) [0x2ba16c227d87]
    1  /lib64/libucp.so.0(+0x14a5e) [0x2ba167a8ca5e]
    2  /lib64/libucp.so.0(+0x1585c) [0x2ba167a8d85c]
    3  /lib64/libucp.so.0(ucp_worker_iface_init+0x34b) [0x2ba167a8dcfb]
    4  /lib64/libucp.so.0(ucp_worker_create+0x392) [0x2ba167a8e712]
    5  /cluster/sfw/openmpi/gcc9.2.x/4.0.3/mpi_thread_multiple/lib/openmpi/mca_pml_ucx.so(mca_pml_ucx_init+0x79) [0x2ba16766ebf9]
    6  /cluster/sfw/openmpi/gcc9.2.x/4.0.3/mpi_thread_multiple/lib/openmpi/mca_pml_ucx.so(+0x79cc) [0x2ba1676709cc]
    7  /cluster/sfw/openmpi/gcc9.2.x/4.0.3/mpi_thread_multiple/lib/libmpi.so.40(mca_pml_base_select+0x1c4) [0x2ba15ac21384]
    8  /cluster/sfw/openmpi/gcc9.2.x/4.0.3/mpi_thread_multiple/lib/libmpi.so.40(ompi_mpi_init+0x6fa) [0x2ba15ac2dcaa]
    9  /cluster/sfw/openmpi/gcc9.2.x/4.0.3/mpi_thread_multiple/lib/libmpi.so.40(MPI_Init+0x89) [0x2ba15abd3fb9]
   10  ./executable_DOUBLE.out() [0x4151b2]
   11  /lib64/libc.so.6(__libc_start_main+0xf5) [0x2ba15cc1d555]
   12  ./executable_DOUBLE.out() [0x4187af]
===================
[cstd01-016:07250] *** Process received signal ***
[cstd01-016:07250] Signal: Aborted (6)
[cstd01-016:07250] Signal code:  (-6)
[cstd01-016:07250] [ 0] /lib64/libpthread.so.0(+0xf630)[0x2ba15c9ee630]
[cstd01-016:07250] [ 1] /lib64/libc.so.6(gsignal+0x37)[0x2ba15cc31387]
[cstd01-016:07250] [ 2] /lib64/libc.so.6(abort+0x148)[0x2ba15cc32a78]
[cstd01-016:07250] [ 3] /lib64/libucs.so.0(+0x15d8c)[0x2ba16c227d8c]
[cstd01-016:07250] [ 4] /lib64/libucp.so.0(+0x14a5e)[0x2ba167a8ca5e]
[cstd01-016:07250] [ 5] /lib64/libucp.so.0(+0x1585c)[0x2ba167a8d85c]
[cstd01-016:07250] [ 6] /lib64/libucp.so.0(ucp_worker_iface_init+0x34b)[0x2ba167a8dcfb]
[cstd01-016:07250] [ 7] /lib64/libucp.so.0(ucp_worker_create+0x392)[0x2ba167a8e712]
[cstd01-016:07250] [ 8] /cluster/sfw/openmpi/gcc9.2.x/4.0.3/mpi_thread_multiple/lib/openmpi/mca_pml_ucx.so(mca_pml_ucx_init+0x79)[0x2ba16766ebf9]
[cstd01-016:07250] [ 9] /cluster/sfw/openmpi/gcc9.2.x/4.0.3/mpi_thread_multiple/lib/openmpi/mca_pml_ucx.so(+0x79cc)[0x2ba1676709cc]
[cstd01-016:07250] [10] /cluster/sfw/openmpi/gcc9.2.x/4.0.3/mpi_thread_multiple/lib/libmpi.so.40(mca_pml_base_select+0x1c4)[0x2ba15ac21384]
[cstd01-016:07250] [11] /cluster/sfw/openmpi/gcc9.2.x/4.0.3/mpi_thread_multiple/lib/libmpi.so.40(ompi_mpi_init+0x6fa)[0x2ba15ac2dcaa]
[cstd01-016:07250] [12] /cluster/sfw/openmpi/gcc9.2.x/4.0.3/mpi_thread_multiple/lib/libmpi.so.40(MPI_Init+0x89)[0x2ba15abd3fb9]
[cstd01-016:07250] [13] ./executable_DOUBLE.out[0x4151b2]
[cstd01-016:07250] [14] /lib64/libc.so.6(__libc_start_main+0xf5)[0x2ba15cc1d555]
[cstd01-016:07250] [15] ./executable_DOUBLE.out[0x4187af]
[cstd01-016:07250] *** End of error message ***
--------------------------------------------------------------------------
Primary job  terminated normally, but 1 process returned
a non-zero exit code. Per user-direction, the job has been aborted.
--------------------------------------------------------------------------
--------------------------------------------------------------------------
mpirun noticed that process rank 11 with PID 7250 on node cstd01-016 exited on signal 6 (Aborted).
--------------------------------------------------------------------------
