[cstd01-099:17559:0:17559]  ucp_worker.c:164  UCX Fatal: failed to set active message handler id 6: Input/output error
==== backtrace ====
    0  /lib64/libucs.so.0(ucs_fatal_error+0xf7) [0x2abe55f10d87]
    1  /lib64/libucp.so.0(+0x14a5e) [0x2abe55854a5e]
    2  /lib64/libucp.so.0(+0x1585c) [0x2abe5585585c]
    3  /lib64/libucp.so.0(ucp_worker_iface_init+0x34b) [0x2abe55855cfb]
    4  /lib64/libucp.so.0(ucp_worker_create+0x392) [0x2abe55856712]
    5  /cluster/sfw/openmpi/gcc9.2.x/4.0.3/mpi_thread_multiple/lib/openmpi/mca_pml_ucx.so(mca_pml_ucx_init+0x79) [0x2abe55436bf9]
    6  /cluster/sfw/openmpi/gcc9.2.x/4.0.3/mpi_thread_multiple/lib/openmpi/mca_pml_ucx.so(+0x79cc) [0x2abe554389cc]
    7  /cluster/sfw/openmpi/gcc9.2.x/4.0.3/mpi_thread_multiple/lib/libmpi.so.40(mca_pml_base_select+0x1c4) [0x2abe44a51384]
    8  /cluster/sfw/openmpi/gcc9.2.x/4.0.3/mpi_thread_multiple/lib/libmpi.so.40(ompi_mpi_init+0x6fa) [0x2abe44a5dcaa]
    9  /cluster/sfw/openmpi/gcc9.2.x/4.0.3/mpi_thread_multiple/lib/libmpi.so.40(MPI_Init+0x89) [0x2abe44a03fb9]
   10  ./executable_DOUBLE.out() [0x4151b2]
   11  /lib64/libc.so.6(__libc_start_main+0xf5) [0x2abe46a4d555]
   12  ./executable_DOUBLE.out() [0x4187af]
===================
[cstd01-099:17559] *** Process received signal ***
[cstd01-099:17559] Signal: Aborted (6)
[cstd01-099:17559] Signal code:  (-6)
[cstd01-099:17559] [ 0] /lib64/libpthread.so.0(+0xf630)[0x2abe4681e630]
[cstd01-099:17559] [ 1] /lib64/libc.so.6(gsignal+0x37)[0x2abe46a61387]
[cstd01-099:17559] [ 2] /lib64/libc.so.6(abort+0x148)[0x2abe46a62a78]
[cstd01-099:17559] [ 3] /lib64/libucs.so.0(+0x15d8c)[0x2abe55f10d8c]
[cstd01-099:17559] [ 4] /lib64/libucp.so.0(+0x14a5e)[0x2abe55854a5e]
[cstd01-099:17559] [ 5] /lib64/libucp.so.0(+0x1585c)[0x2abe5585585c]
[cstd01-099:17559] [ 6] /lib64/libucp.so.0(ucp_worker_iface_init+0x34b)[0x2abe55855cfb]
[cstd01-099:17559] [ 7] /lib64/libucp.so.0(ucp_worker_create+0x392)[0x2abe55856712]
[cstd01-099:17559] [ 8] /cluster/sfw/openmpi/gcc9.2.x/4.0.3/mpi_thread_multiple/lib/openmpi/mca_pml_ucx.so(mca_pml_ucx_init+0x79)[0x2abe55436bf9]
[cstd01-099:17559] [ 9] /cluster/sfw/openmpi/gcc9.2.x/4.0.3/mpi_thread_multiple/lib/openmpi/mca_pml_ucx.so(+0x79cc)[0x2abe554389cc]
[cstd01-099:17559] [10] /cluster/sfw/openmpi/gcc9.2.x/4.0.3/mpi_thread_multiple/lib/libmpi.so.40(mca_pml_base_select+0x1c4)[0x2abe44a51384]
[cstd01-099:17559] [11] /cluster/sfw/openmpi/gcc9.2.x/4.0.3/mpi_thread_multiple/lib/libmpi.so.40(ompi_mpi_init+0x6fa)[0x2abe44a5dcaa]
[cstd01-099:17559] [12] /cluster/sfw/openmpi/gcc9.2.x/4.0.3/mpi_thread_multiple/lib/libmpi.so.40(MPI_Init+0x89)[0x2abe44a03fb9]
[cstd01-099:17559] [13] ./executable_DOUBLE.out[0x4151b2]
[cstd01-099:17559] [14] /lib64/libc.so.6(__libc_start_main+0xf5)[0x2abe46a4d555]
[cstd01-099:17559] [15] ./executable_DOUBLE.out[0x4187af]
[cstd01-099:17559] *** End of error message ***
--------------------------------------------------------------------------
Primary job  terminated normally, but 1 process returned
a non-zero exit code. Per user-direction, the job has been aborted.
--------------------------------------------------------------------------
--------------------------------------------------------------------------
mpirun noticed that process rank 8 with PID 17559 on node cstd01-099 exited on signal 6 (Aborted).
--------------------------------------------------------------------------
