[cstd01-098:24650:0:24650]  ucp_worker.c:164  UCX Fatal: failed to set active message handler id 2: Input/output error
==== backtrace ====
    0  /lib64/libucs.so.0(ucs_fatal_error+0xf7) [0x2b05c4ee0d87]
    1  /lib64/libucp.so.0(+0x14a5e) [0x2b05c4824a5e]
    2  /lib64/libucp.so.0(+0x1585c) [0x2b05c482585c]
    3  /lib64/libucp.so.0(ucp_worker_iface_init+0x34b) [0x2b05c4825cfb]
    4  /lib64/libucp.so.0(ucp_worker_create+0x392) [0x2b05c4826712]
    5  /cluster/sfw/openmpi/gcc9.2.x/4.0.3/mpi_thread_multiple/lib/openmpi/mca_pml_ucx.so(mca_pml_ucx_init+0x79) [0x2b05c4406bf9]
    6  /cluster/sfw/openmpi/gcc9.2.x/4.0.3/mpi_thread_multiple/lib/openmpi/mca_pml_ucx.so(+0x79cc) [0x2b05c44089cc]
    7  /cluster/sfw/openmpi/gcc9.2.x/4.0.3/mpi_thread_multiple/lib/libmpi.so.40(mca_pml_base_select+0x1c4) [0x2b05b37b0384]
    8  /cluster/sfw/openmpi/gcc9.2.x/4.0.3/mpi_thread_multiple/lib/libmpi.so.40(ompi_mpi_init+0x6fa) [0x2b05b37bccaa]
    9  /cluster/sfw/openmpi/gcc9.2.x/4.0.3/mpi_thread_multiple/lib/libmpi.so.40(MPI_Init+0x89) [0x2b05b3762fb9]
   10  ./executable_DOUBLE.out() [0x4151b2]
   11  /lib64/libc.so.6(__libc_start_main+0xf5) [0x2b05b57ac555]
   12  ./executable_DOUBLE.out() [0x4187af]
===================
[cstd01-098:24650] *** Process received signal ***
[cstd01-098:24650] Signal: Aborted (6)
[cstd01-098:24650] Signal code:  (-6)
[cstd01-098:24650] [ 0] /lib64/libpthread.so.0(+0xf630)[0x2b05b557d630]
[cstd01-098:24650] [ 1] /lib64/libc.so.6(gsignal+0x37)[0x2b05b57c0387]
[cstd01-098:24650] [ 2] /lib64/libc.so.6(abort+0x148)[0x2b05b57c1a78]
[cstd01-098:24650] [ 3] /lib64/libucs.so.0(+0x15d8c)[0x2b05c4ee0d8c]
[cstd01-098:24650] [ 4] /lib64/libucp.so.0(+0x14a5e)[0x2b05c4824a5e]
[cstd01-098:24650] [ 5] /lib64/libucp.so.0(+0x1585c)[0x2b05c482585c]
[cstd01-098:24650] [ 6] /lib64/libucp.so.0(ucp_worker_iface_init+0x34b)[0x2b05c4825cfb]
[cstd01-098:24650] [ 7] /lib64/libucp.so.0(ucp_worker_create+0x392)[0x2b05c4826712]
[cstd01-098:24650] [ 8] /cluster/sfw/openmpi/gcc9.2.x/4.0.3/mpi_thread_multiple/lib/openmpi/mca_pml_ucx.so(mca_pml_ucx_init+0x79)[0x2b05c4406bf9]
[cstd01-098:24650] [ 9] /cluster/sfw/openmpi/gcc9.2.x/4.0.3/mpi_thread_multiple/lib/openmpi/mca_pml_ucx.so(+0x79cc)[0x2b05c44089cc]
[cstd01-098:24650] [10] /cluster/sfw/openmpi/gcc9.2.x/4.0.3/mpi_thread_multiple/lib/libmpi.so.40(mca_pml_base_select+0x1c4)[0x2b05b37b0384]
[cstd01-098:24650] [11] /cluster/sfw/openmpi/gcc9.2.x/4.0.3/mpi_thread_multiple/lib/libmpi.so.40(ompi_mpi_init+0x6fa)[0x2b05b37bccaa]
[cstd01-098:24650] [12] /cluster/sfw/openmpi/gcc9.2.x/4.0.3/mpi_thread_multiple/lib/libmpi.so.40(MPI_Init+0x89)[0x2b05b3762fb9]
[cstd01-098:24650] [13] ./executable_DOUBLE.out[0x4151b2]
[cstd01-098:24650] [14] /lib64/libc.so.6(__libc_start_main+0xf5)[0x2b05b57ac555]
[cstd01-098:24650] [15] ./executable_DOUBLE.out[0x4187af]
[cstd01-098:24650] *** End of error message ***
--------------------------------------------------------------------------
Primary job  terminated normally, but 1 process returned
a non-zero exit code. Per user-direction, the job has been aborted.
--------------------------------------------------------------------------
--------------------------------------------------------------------------
mpirun noticed that process rank 6 with PID 24650 on node cstd01-098 exited on signal 6 (Aborted).
--------------------------------------------------------------------------
